e2e	Set up job	Ôªø2025-09-13T03:32:15.6709167Z Current runner version: '2.328.0'
e2e	Set up job	2025-09-13T03:32:15.6733633Z ##[group]Runner Image Provisioner
e2e	Set up job	2025-09-13T03:32:15.6734513Z Hosted Compute Agent
e2e	Set up job	2025-09-13T03:32:15.6735067Z Version: 20250829.383
e2e	Set up job	2025-09-13T03:32:15.6735618Z Commit: 27cb235aab5b0e52e153a26cd86b4742e89dac5d
e2e	Set up job	2025-09-13T03:32:15.6736751Z Build Date: 2025-08-29T13:48:48Z
e2e	Set up job	2025-09-13T03:32:15.6737497Z ##[endgroup]
e2e	Set up job	2025-09-13T03:32:15.6738060Z ##[group]Operating System
e2e	Set up job	2025-09-13T03:32:15.6738707Z Ubuntu
e2e	Set up job	2025-09-13T03:32:15.6739199Z 24.04.3
e2e	Set up job	2025-09-13T03:32:15.6739626Z LTS
e2e	Set up job	2025-09-13T03:32:15.6740159Z ##[endgroup]
e2e	Set up job	2025-09-13T03:32:15.6740658Z ##[group]Runner Image
e2e	Set up job	2025-09-13T03:32:15.6741198Z Image: ubuntu-24.04
e2e	Set up job	2025-09-13T03:32:15.6741761Z Version: 20250907.24.1
e2e	Set up job	2025-09-13T03:32:15.6742773Z Included Software: https://github.com/actions/runner-images/blob/ubuntu24/20250907.24/images/ubuntu/Ubuntu2404-Readme.md
e2e	Set up job	2025-09-13T03:32:15.6744157Z Image Release: https://github.com/actions/runner-images/releases/tag/ubuntu24%2F20250907.24
e2e	Set up job	2025-09-13T03:32:15.6745360Z ##[endgroup]
e2e	Set up job	2025-09-13T03:32:15.6746903Z ##[group]GITHUB_TOKEN Permissions
e2e	Set up job	2025-09-13T03:32:15.6748994Z Contents: read
e2e	Set up job	2025-09-13T03:32:15.6749535Z Metadata: read
e2e	Set up job	2025-09-13T03:32:15.6750113Z Packages: read
e2e	Set up job	2025-09-13T03:32:15.6750601Z ##[endgroup]
e2e	Set up job	2025-09-13T03:32:15.6752604Z Secret source: Actions
e2e	Set up job	2025-09-13T03:32:15.6753417Z Prepare workflow directory
e2e	Set up job	2025-09-13T03:32:15.7144620Z Prepare all required actions
e2e	Set up job	2025-09-13T03:32:15.7183021Z Getting action download info
e2e	Set up job	2025-09-13T03:32:16.1589544Z Download action repository 'actions/checkout@v4' (SHA:08eba0b27e820071cde6df949e0beb9ba4906955)
e2e	Set up job	2025-09-13T03:32:16.3341411Z Download action repository 'actions/setup-python@v5' (SHA:a26af69be951a213d495a4c3e4e4022e16d87065)
e2e	Set up job	2025-09-13T03:32:16.4750206Z Download action repository 'actions/cache@v4' (SHA:0400d5f644dc74513175e3cd8d07132dd4860809)
e2e	Set up job	2025-09-13T03:32:16.5789718Z Download action repository 'actions/upload-artifact@v4' (SHA:ea165f8d65b6e75b540449e92b4886f43607fa02)
e2e	Set up job	2025-09-13T03:32:16.7655997Z Complete job name: e2e
e2e	Run actions/checkout@v4	Ôªø2025-09-13T03:32:16.8363042Z ##[group]Run actions/checkout@v4
e2e	Run actions/checkout@v4	2025-09-13T03:32:16.8363953Z with:
e2e	Run actions/checkout@v4	2025-09-13T03:32:16.8364404Z   repository: Guffawaffle/LoquiLex
e2e	Run actions/checkout@v4	2025-09-13T03:32:16.8365123Z   token: ***
e2e	Run actions/checkout@v4	2025-09-13T03:32:16.8365533Z   ssh-strict: true
e2e	Run actions/checkout@v4	2025-09-13T03:32:16.8365958Z   ssh-user: git
e2e	Run actions/checkout@v4	2025-09-13T03:32:16.8366614Z   persist-credentials: true
e2e	Run actions/checkout@v4	2025-09-13T03:32:16.8367114Z   clean: true
e2e	Run actions/checkout@v4	2025-09-13T03:32:16.8367550Z   sparse-checkout-cone-mode: true
e2e	Run actions/checkout@v4	2025-09-13T03:32:16.8368069Z   fetch-depth: 1
e2e	Run actions/checkout@v4	2025-09-13T03:32:16.8368494Z   fetch-tags: false
e2e	Run actions/checkout@v4	2025-09-13T03:32:16.8368920Z   show-progress: true
e2e	Run actions/checkout@v4	2025-09-13T03:32:16.8369348Z   lfs: false
e2e	Run actions/checkout@v4	2025-09-13T03:32:16.8369755Z   submodules: false
e2e	Run actions/checkout@v4	2025-09-13T03:32:16.8370178Z   set-safe-directory: true
e2e	Run actions/checkout@v4	2025-09-13T03:32:16.8370904Z env:
e2e	Run actions/checkout@v4	2025-09-13T03:32:16.8371302Z   HF_HUB_OFFLINE: 1
e2e	Run actions/checkout@v4	2025-09-13T03:32:16.8371730Z   TRANSFORMERS_OFFLINE: 1
e2e	Run actions/checkout@v4	2025-09-13T03:32:16.8372208Z   HF_HUB_DISABLE_TELEMETRY: 1
e2e	Run actions/checkout@v4	2025-09-13T03:32:16.8372724Z   LOQUILEX_OFFLINE: 1
e2e	Run actions/checkout@v4	2025-09-13T03:32:16.8373235Z   PYTEST_ADDOPTS: --timeout=500
e2e	Run actions/checkout@v4	2025-09-13T03:32:16.8373754Z ##[endgroup]
e2e	Run actions/checkout@v4	2025-09-13T03:32:16.9449433Z Syncing repository: Guffawaffle/LoquiLex
e2e	Run actions/checkout@v4	2025-09-13T03:32:16.9451277Z ##[group]Getting Git version info
e2e	Run actions/checkout@v4	2025-09-13T03:32:16.9452090Z Working directory is '/home/runner/work/LoquiLex/LoquiLex'
e2e	Run actions/checkout@v4	2025-09-13T03:32:16.9453122Z [command]/usr/bin/git version
e2e	Run actions/checkout@v4	2025-09-13T03:32:16.9520530Z git version 2.51.0
e2e	Run actions/checkout@v4	2025-09-13T03:32:16.9545582Z ##[endgroup]
e2e	Run actions/checkout@v4	2025-09-13T03:32:16.9559934Z Temporarily overriding HOME='/home/runner/work/_temp/eaff4a9a-c118-4dc8-8e74-6e4d97acb6bc' before making global git config changes
e2e	Run actions/checkout@v4	2025-09-13T03:32:16.9565397Z Adding repository directory to the temporary git global config as a safe directory
e2e	Run actions/checkout@v4	2025-09-13T03:32:16.9566881Z [command]/usr/bin/git config --global --add safe.directory /home/runner/work/LoquiLex/LoquiLex
e2e	Run actions/checkout@v4	2025-09-13T03:32:16.9600528Z Deleting the contents of '/home/runner/work/LoquiLex/LoquiLex'
e2e	Run actions/checkout@v4	2025-09-13T03:32:16.9603915Z ##[group]Initializing the repository
e2e	Run actions/checkout@v4	2025-09-13T03:32:16.9608095Z [command]/usr/bin/git init /home/runner/work/LoquiLex/LoquiLex
e2e	Run actions/checkout@v4	2025-09-13T03:32:16.9696755Z hint: Using 'master' as the name for the initial branch. This default branch name
e2e	Run actions/checkout@v4	2025-09-13T03:32:16.9697785Z hint: is subject to change. To configure the initial branch name to use in all
e2e	Run actions/checkout@v4	2025-09-13T03:32:16.9698706Z hint: of your new repositories, which will suppress this warning, call:
e2e	Run actions/checkout@v4	2025-09-13T03:32:16.9699396Z hint:
e2e	Run actions/checkout@v4	2025-09-13T03:32:16.9699911Z hint: 	git config --global init.defaultBranch <name>
e2e	Run actions/checkout@v4	2025-09-13T03:32:16.9700492Z hint:
e2e	Run actions/checkout@v4	2025-09-13T03:32:16.9701050Z hint: Names commonly chosen instead of 'master' are 'main', 'trunk' and
e2e	Run actions/checkout@v4	2025-09-13T03:32:16.9701992Z hint: 'development'. The just-created branch can be renamed via this command:
e2e	Run actions/checkout@v4	2025-09-13T03:32:16.9703307Z hint:
e2e	Run actions/checkout@v4	2025-09-13T03:32:16.9703734Z hint: 	git branch -m <name>
e2e	Run actions/checkout@v4	2025-09-13T03:32:16.9704194Z hint:
e2e	Run actions/checkout@v4	2025-09-13T03:32:16.9704810Z hint: Disable this message with "git config set advice.defaultBranchName false"
e2e	Run actions/checkout@v4	2025-09-13T03:32:16.9705839Z Initialized empty Git repository in /home/runner/work/LoquiLex/LoquiLex/.git/
e2e	Run actions/checkout@v4	2025-09-13T03:32:16.9713897Z [command]/usr/bin/git remote add origin https://github.com/Guffawaffle/LoquiLex
e2e	Run actions/checkout@v4	2025-09-13T03:32:16.9748553Z ##[endgroup]
e2e	Run actions/checkout@v4	2025-09-13T03:32:16.9749334Z ##[group]Disabling automatic garbage collection
e2e	Run actions/checkout@v4	2025-09-13T03:32:16.9752535Z [command]/usr/bin/git config --local gc.auto 0
e2e	Run actions/checkout@v4	2025-09-13T03:32:16.9779795Z ##[endgroup]
e2e	Run actions/checkout@v4	2025-09-13T03:32:16.9780508Z ##[group]Setting up auth
e2e	Run actions/checkout@v4	2025-09-13T03:32:16.9786604Z [command]/usr/bin/git config --local --name-only --get-regexp core\.sshCommand
e2e	Run actions/checkout@v4	2025-09-13T03:32:16.9815086Z [command]/usr/bin/git submodule foreach --recursive sh -c "git config --local --name-only --get-regexp 'core\.sshCommand' && git config --local --unset-all 'core.sshCommand' || :"
e2e	Run actions/checkout@v4	2025-09-13T03:32:17.0125973Z [command]/usr/bin/git config --local --name-only --get-regexp http\.https\:\/\/github\.com\/\.extraheader
e2e	Run actions/checkout@v4	2025-09-13T03:32:17.0155349Z [command]/usr/bin/git submodule foreach --recursive sh -c "git config --local --name-only --get-regexp 'http\.https\:\/\/github\.com\/\.extraheader' && git config --local --unset-all 'http.https://github.com/.extraheader' || :"
e2e	Run actions/checkout@v4	2025-09-13T03:32:17.0379381Z [command]/usr/bin/git config --local http.https://github.com/.extraheader AUTHORIZATION: basic ***
e2e	Run actions/checkout@v4	2025-09-13T03:32:17.0414275Z ##[endgroup]
e2e	Run actions/checkout@v4	2025-09-13T03:32:17.0415737Z ##[group]Fetching the repository
e2e	Run actions/checkout@v4	2025-09-13T03:32:17.0424867Z [command]/usr/bin/git -c protocol.version=2 fetch --no-tags --prune --no-recurse-submodules --depth=1 origin +0418452ca4947c53b88f1acfcb6f1243bce5c244:refs/remotes/pull/2/merge
e2e	Run actions/checkout@v4	2025-09-13T03:32:17.3056321Z From https://github.com/Guffawaffle/LoquiLex
e2e	Run actions/checkout@v4	2025-09-13T03:32:17.3057815Z  * [new ref]         0418452ca4947c53b88f1acfcb6f1243bce5c244 -> pull/2/merge
e2e	Run actions/checkout@v4	2025-09-13T03:32:17.3087789Z ##[endgroup]
e2e	Run actions/checkout@v4	2025-09-13T03:32:17.3089357Z ##[group]Determining the checkout info
e2e	Run actions/checkout@v4	2025-09-13T03:32:17.3090708Z ##[endgroup]
e2e	Run actions/checkout@v4	2025-09-13T03:32:17.3093963Z [command]/usr/bin/git sparse-checkout disable
e2e	Run actions/checkout@v4	2025-09-13T03:32:17.3132648Z [command]/usr/bin/git config --local --unset-all extensions.worktreeConfig
e2e	Run actions/checkout@v4	2025-09-13T03:32:17.3160071Z ##[group]Checking out the ref
e2e	Run actions/checkout@v4	2025-09-13T03:32:17.3162771Z [command]/usr/bin/git checkout --progress --force refs/remotes/pull/2/merge
e2e	Run actions/checkout@v4	2025-09-13T03:32:17.3258555Z Note: switching to 'refs/remotes/pull/2/merge'.
e2e	Run actions/checkout@v4	2025-09-13T03:32:17.3260556Z 
e2e	Run actions/checkout@v4	2025-09-13T03:32:17.3261685Z You are in 'detached HEAD' state. You can look around, make experimental
e2e	Run actions/checkout@v4	2025-09-13T03:32:17.3263896Z changes and commit them, and you can discard any commits you make in this
e2e	Run actions/checkout@v4	2025-09-13T03:32:17.3267101Z state without impacting any branches by switching back to a branch.
e2e	Run actions/checkout@v4	2025-09-13T03:32:17.3268900Z 
e2e	Run actions/checkout@v4	2025-09-13T03:32:17.3269964Z If you want to create a new branch to retain commits you create, you may
e2e	Run actions/checkout@v4	2025-09-13T03:32:17.3272590Z do so (now or later) by using -c with the switch command. Example:
e2e	Run actions/checkout@v4	2025-09-13T03:32:17.3274289Z 
e2e	Run actions/checkout@v4	2025-09-13T03:32:17.3274978Z   git switch -c <new-branch-name>
e2e	Run actions/checkout@v4	2025-09-13T03:32:17.3276657Z 
e2e	Run actions/checkout@v4	2025-09-13T03:32:17.3277331Z Or undo this operation with:
e2e	Run actions/checkout@v4	2025-09-13T03:32:17.3278357Z 
e2e	Run actions/checkout@v4	2025-09-13T03:32:17.3278790Z   git switch -
e2e	Run actions/checkout@v4	2025-09-13T03:32:17.3279410Z 
e2e	Run actions/checkout@v4	2025-09-13T03:32:17.3280441Z Turn off this advice by setting config variable advice.detachedHead to false
e2e	Run actions/checkout@v4	2025-09-13T03:32:17.3281896Z 
e2e	Run actions/checkout@v4	2025-09-13T03:32:17.3284228Z HEAD is now at 0418452 Merge 2220cae11efcdc43ab78e8ea3b16a88483bc109c into 9f11973b1c62e0118e1faf4a0423de9b3791ba93
e2e	Run actions/checkout@v4	2025-09-13T03:32:17.3289369Z ##[endgroup]
e2e	Run actions/checkout@v4	2025-09-13T03:32:17.3303891Z [command]/usr/bin/git log -1 --format=%H
e2e	Run actions/checkout@v4	2025-09-13T03:32:17.3325449Z 0418452ca4947c53b88f1acfcb6f1243bce5c244
e2e	Run actions/setup-python@v5	Ôªø2025-09-13T03:32:17.3623541Z ##[group]Run actions/setup-python@v5
e2e	Run actions/setup-python@v5	2025-09-13T03:32:17.3624762Z with:
e2e	Run actions/setup-python@v5	2025-09-13T03:32:17.3625607Z   python-version: 3.12.3
e2e	Run actions/setup-python@v5	2025-09-13T03:32:17.3626744Z   check-latest: false
e2e	Run actions/setup-python@v5	2025-09-13T03:32:17.3627951Z   token: ***
e2e	Run actions/setup-python@v5	2025-09-13T03:32:17.3628840Z   update-environment: true
e2e	Run actions/setup-python@v5	2025-09-13T03:32:17.3629881Z   allow-prereleases: false
e2e	Run actions/setup-python@v5	2025-09-13T03:32:17.3630895Z   freethreaded: false
e2e	Run actions/setup-python@v5	2025-09-13T03:32:17.3631803Z env:
e2e	Run actions/setup-python@v5	2025-09-13T03:32:17.3632580Z   HF_HUB_OFFLINE: 1
e2e	Run actions/setup-python@v5	2025-09-13T03:32:17.3633481Z   TRANSFORMERS_OFFLINE: 1
e2e	Run actions/setup-python@v5	2025-09-13T03:32:17.3634494Z   HF_HUB_DISABLE_TELEMETRY: 1
e2e	Run actions/setup-python@v5	2025-09-13T03:32:17.3635528Z   LOQUILEX_OFFLINE: 1
e2e	Run actions/setup-python@v5	2025-09-13T03:32:17.3636871Z   PYTEST_ADDOPTS: --timeout=500
e2e	Run actions/setup-python@v5	2025-09-13T03:32:17.3637898Z ##[endgroup]
e2e	Run actions/setup-python@v5	2025-09-13T03:32:17.5384719Z ##[group]Installed versions
e2e	Run actions/setup-python@v5	2025-09-13T03:32:17.5495632Z Version 3.12.3 was not found in the local cache
e2e	Run actions/setup-python@v5	2025-09-13T03:32:17.9865249Z Version 3.12.3 is available for downloading
e2e	Run actions/setup-python@v5	2025-09-13T03:32:17.9869536Z Download from "https://github.com/actions/python-versions/releases/download/3.12.3-11057844995/python-3.12.3-linux-24.04-x64.tar.gz"
e2e	Run actions/setup-python@v5	2025-09-13T03:32:18.7799260Z Extract downloaded archive
e2e	Run actions/setup-python@v5	2025-09-13T03:32:18.7895853Z [command]/usr/bin/tar xz --warning=no-unknown-keyword --overwrite -C /home/runner/work/_temp/9a78fe00-1097-462d-9571-5fc5160741b0 -f /home/runner/work/_temp/2f0e4080-3f59-447c-90c7-b9865c5df26a
e2e	Run actions/setup-python@v5	2025-09-13T03:32:20.8192239Z Execute installation script
e2e	Run actions/setup-python@v5	2025-09-13T03:32:20.8280167Z Check if Python hostedtoolcache folder exist...
e2e	Run actions/setup-python@v5	2025-09-13T03:32:20.8280909Z Create Python 3.12.3 folder
e2e	Run actions/setup-python@v5	2025-09-13T03:32:20.8298711Z Copy Python binaries to hostedtoolcache folder
e2e	Run actions/setup-python@v5	2025-09-13T03:32:21.4011999Z Create additional symlinks (Required for the UsePythonVersion Azure Pipelines task and the setup-python GitHub Action)
e2e	Run actions/setup-python@v5	2025-09-13T03:32:21.4054031Z Upgrading pip...
e2e	Run actions/setup-python@v5	2025-09-13T03:32:24.3615138Z Looking in links: /tmp/tmpddm5oofn
e2e	Run actions/setup-python@v5	2025-09-13T03:32:24.3624039Z Requirement already satisfied: pip in /opt/hostedtoolcache/Python/3.12.3/x64/lib/python3.12/site-packages (24.0)
e2e	Run actions/setup-python@v5	2025-09-13T03:32:26.2910591Z Collecting pip
e2e	Run actions/setup-python@v5	2025-09-13T03:32:26.3308220Z Downloading pip-25.2-py3-none-any.whl.metadata (4.7 kB)
e2e	Run actions/setup-python@v5	2025-09-13T03:32:26.3411200Z Downloading pip-25.2-py3-none-any.whl (1.8 MB)
e2e	Run actions/setup-python@v5	2025-09-13T03:32:26.3786909Z ‚îÅ‚îÅ‚îÅ‚îÅ‚îÅ‚îÅ‚îÅ‚îÅ‚îÅ‚îÅ‚îÅ‚îÅ‚îÅ‚îÅ‚îÅ‚îÅ‚îÅ‚îÅ‚îÅ‚îÅ‚îÅ‚îÅ‚îÅ‚îÅ‚îÅ‚îÅ‚îÅ‚îÅ‚îÅ‚îÅ‚îÅ‚îÅ‚îÅ‚îÅ‚îÅ‚îÅ‚îÅ‚îÅ‚îÅ‚îÅ 1.8/1.8 MB 49.9 MB/s eta 0:00:00
e2e	Run actions/setup-python@v5	2025-09-13T03:32:26.3787524Z 
e2e	Run actions/setup-python@v5	2025-09-13T03:32:26.4264715Z Installing collected packages: pip
e2e	Run actions/setup-python@v5	2025-09-13T03:32:26.4265598Z Attempting uninstall: pip
e2e	Run actions/setup-python@v5	2025-09-13T03:32:26.4306195Z Found existing installation: pip 24.0
e2e	Run actions/setup-python@v5	2025-09-13T03:32:26.4772455Z Uninstalling pip-24.0:
e2e	Run actions/setup-python@v5	2025-09-13T03:32:26.4836661Z Successfully uninstalled pip-24.0
e2e	Run actions/setup-python@v5	2025-09-13T03:32:27.3868879Z Successfully installed pip-25.2
e2e	Run actions/setup-python@v5	2025-09-13T03:32:27.4445560Z Create complete file
e2e	Run actions/setup-python@v5	2025-09-13T03:32:27.4481917Z Successfully set up CPython (3.12.3)
e2e	Run actions/setup-python@v5	2025-09-13T03:32:27.4484218Z ##[endgroup]
e2e	Cache pip	Ôªø2025-09-13T03:32:27.5208267Z ##[group]Run actions/cache@v4
e2e	Cache pip	2025-09-13T03:32:27.5208585Z with:
e2e	Cache pip	2025-09-13T03:32:27.5208764Z   path: ~/.cache/pip
e2e	Cache pip	2025-09-13T03:32:27.5209119Z   key: pip-Linux-91a71396241fa5be33b8463c6f51b15fd56afe6cfeff3c691417a54962be0f09
e2e	Cache pip	2025-09-13T03:32:27.5209527Z   restore-keys: pip-Linux-
e2e	Cache pip	
e2e	Cache pip	2025-09-13T03:32:27.5209761Z   enableCrossOsArchive: false
e2e	Cache pip	2025-09-13T03:32:27.5209986Z   fail-on-cache-miss: false
e2e	Cache pip	2025-09-13T03:32:27.5210231Z   lookup-only: false
e2e	Cache pip	2025-09-13T03:32:27.5210433Z   save-always: false
e2e	Cache pip	2025-09-13T03:32:27.5210925Z env:
e2e	Cache pip	2025-09-13T03:32:27.5211092Z   HF_HUB_OFFLINE: 1
e2e	Cache pip	2025-09-13T03:32:27.5211281Z   TRANSFORMERS_OFFLINE: 1
e2e	Cache pip	2025-09-13T03:32:27.5211488Z   HF_HUB_DISABLE_TELEMETRY: 1
e2e	Cache pip	2025-09-13T03:32:27.5211694Z   LOQUILEX_OFFLINE: 1
e2e	Cache pip	2025-09-13T03:32:27.5211902Z   PYTEST_ADDOPTS: --timeout=500
e2e	Cache pip	2025-09-13T03:32:27.5212185Z   pythonLocation: /opt/hostedtoolcache/Python/3.12.3/x64
e2e	Cache pip	2025-09-13T03:32:27.5212593Z   PKG_CONFIG_PATH: /opt/hostedtoolcache/Python/3.12.3/x64/lib/pkgconfig
e2e	Cache pip	2025-09-13T03:32:27.5212965Z   Python_ROOT_DIR: /opt/hostedtoolcache/Python/3.12.3/x64
e2e	Cache pip	2025-09-13T03:32:27.5213352Z   Python2_ROOT_DIR: /opt/hostedtoolcache/Python/3.12.3/x64
e2e	Cache pip	2025-09-13T03:32:27.5213695Z   Python3_ROOT_DIR: /opt/hostedtoolcache/Python/3.12.3/x64
e2e	Cache pip	2025-09-13T03:32:27.5214035Z   LD_LIBRARY_PATH: /opt/hostedtoolcache/Python/3.12.3/x64/lib
e2e	Cache pip	2025-09-13T03:32:27.5214323Z ##[endgroup]
e2e	Cache pip	2025-09-13T03:32:27.7878315Z Cache hit for: pip-Linux-91a71396241fa5be33b8463c6f51b15fd56afe6cfeff3c691417a54962be0f09
e2e	Cache pip	2025-09-13T03:32:28.7237374Z Received 58263099 of 58263099 (100.0%), 74.3 MBs/sec
e2e	Cache pip	2025-09-13T03:32:28.7238771Z Cache Size: ~56 MB (58263099 B)
e2e	Cache pip	2025-09-13T03:32:28.7268108Z [command]/usr/bin/tar -xf /home/runner/work/_temp/1673c4ab-c793-4d7b-93e3-df3c0ae6bea5/cache.tzst -P -C /home/runner/work/LoquiLex/LoquiLex --use-compress-program unzstd
e2e	Cache pip	2025-09-13T03:32:28.9000106Z Cache restored successfully
e2e	Cache pip	2025-09-13T03:32:28.9195005Z Cache restored from key: pip-Linux-91a71396241fa5be33b8463c6f51b15fd56afe6cfeff3c691417a54962be0f09
e2e	Install Python deps	Ôªø2025-09-13T03:32:28.9327663Z ##[group]Run python -m pip install -U pip
e2e	Install Python deps	2025-09-13T03:32:28.9328268Z [36;1mpython -m pip install -U pip[0m
e2e	Install Python deps	2025-09-13T03:32:28.9328973Z [36;1m# Unified lightweight install with constraints (fakes used; no heavy models)[0m
e2e	Install Python deps	2025-09-13T03:32:28.9329883Z [36;1mpip install -r requirements-ci.txt -r requirements-dev.txt -c constraints.txt[0m
e2e	Install Python deps	2025-09-13T03:32:29.0323043Z shell: /usr/bin/bash -e {0}
e2e	Install Python deps	2025-09-13T03:32:29.0323483Z env:
e2e	Install Python deps	2025-09-13T03:32:29.0323785Z   HF_HUB_OFFLINE: 1
e2e	Install Python deps	2025-09-13T03:32:29.0324155Z   TRANSFORMERS_OFFLINE: 1
e2e	Install Python deps	2025-09-13T03:32:29.0324532Z   HF_HUB_DISABLE_TELEMETRY: 1
e2e	Install Python deps	2025-09-13T03:32:29.0324901Z   LOQUILEX_OFFLINE: 1
e2e	Install Python deps	2025-09-13T03:32:29.0325260Z   PYTEST_ADDOPTS: --timeout=500
e2e	Install Python deps	2025-09-13T03:32:29.0325758Z   pythonLocation: /opt/hostedtoolcache/Python/3.12.3/x64
e2e	Install Python deps	2025-09-13T03:32:29.0326683Z   PKG_CONFIG_PATH: /opt/hostedtoolcache/Python/3.12.3/x64/lib/pkgconfig
e2e	Install Python deps	2025-09-13T03:32:29.0327362Z   Python_ROOT_DIR: /opt/hostedtoolcache/Python/3.12.3/x64
e2e	Install Python deps	2025-09-13T03:32:29.0327966Z   Python2_ROOT_DIR: /opt/hostedtoolcache/Python/3.12.3/x64
e2e	Install Python deps	2025-09-13T03:32:29.0328636Z   Python3_ROOT_DIR: /opt/hostedtoolcache/Python/3.12.3/x64
e2e	Install Python deps	2025-09-13T03:32:29.0329252Z   LD_LIBRARY_PATH: /opt/hostedtoolcache/Python/3.12.3/x64/lib
e2e	Install Python deps	2025-09-13T03:32:29.0329763Z ##[endgroup]
e2e	Install Python deps	2025-09-13T03:32:29.9084100Z Requirement already satisfied: pip in /opt/hostedtoolcache/Python/3.12.3/x64/lib/python3.12/site-packages (25.2)
e2e	Install Python deps	2025-09-13T03:32:30.7970187Z Collecting loguru==0.7.2 (from -r requirements-ci.txt (line 6))
e2e	Install Python deps	2025-09-13T03:32:30.7982440Z   Using cached loguru-0.7.2-py3-none-any.whl.metadata (23 kB)
e2e	Install Python deps	2025-09-13T03:32:30.9902153Z Collecting numpy==1.26.4 (from -r requirements-ci.txt (line 7))
e2e	Install Python deps	2025-09-13T03:32:30.9916749Z   Using cached numpy-1.26.4-cp312-cp312-manylinux_2_17_x86_64.manylinux2014_x86_64.whl.metadata (61 kB)
e2e	Install Python deps	2025-09-13T03:32:31.0361971Z Collecting rich==13.9.2 (from -r requirements-ci.txt (line 8))
e2e	Install Python deps	2025-09-13T03:32:31.0374205Z   Using cached rich-13.9.2-py3-none-any.whl.metadata (18 kB)
e2e	Install Python deps	2025-09-13T03:32:31.0501431Z Collecting webvtt-py==0.5.1 (from -r requirements-ci.txt (line 9))
e2e	Install Python deps	2025-09-13T03:32:31.0513070Z   Using cached webvtt_py-0.5.1-py3-none-any.whl.metadata (3.4 kB)
e2e	Install Python deps	2025-09-13T03:32:31.0822613Z Collecting pytest==8.4.2 (from -r requirements-ci.txt (line 10))
e2e	Install Python deps	2025-09-13T03:32:31.0835346Z   Using cached pytest-8.4.2-py3-none-any.whl.metadata (7.7 kB)
e2e	Install Python deps	2025-09-13T03:32:31.1327005Z Collecting fastapi==0.109.2 (from -r requirements-ci.txt (line 13))
e2e	Install Python deps	2025-09-13T03:32:31.1339799Z   Using cached fastapi-0.109.2-py3-none-any.whl.metadata (25 kB)
e2e	Install Python deps	2025-09-13T03:32:31.1615115Z Collecting uvicorn==0.27.1 (from -r requirements-ci.txt (line 14))
e2e	Install Python deps	2025-09-13T03:32:31.1627474Z   Using cached uvicorn-0.27.1-py3-none-any.whl.metadata (6.3 kB)
e2e	Install Python deps	2025-09-13T03:32:31.2520592Z Collecting websockets==12.0 (from -r requirements-ci.txt (line 15))
e2e	Install Python deps	2025-09-13T03:32:31.2534797Z   Using cached websockets-12.0-cp312-cp312-manylinux_2_5_x86_64.manylinux1_x86_64.manylinux_2_17_x86_64.manylinux2014_x86_64.whl.metadata (6.6 kB)
e2e	Install Python deps	2025-09-13T03:32:31.2774815Z Collecting httpx==0.28.1 (from -r requirements-ci.txt (line 18))
e2e	Install Python deps	2025-09-13T03:32:31.2786788Z   Using cached httpx-0.28.1-py3-none-any.whl.metadata (7.1 kB)
e2e	Install Python deps	2025-09-13T03:32:31.2977146Z Collecting pytest-asyncio==0.26.0 (from -r requirements-ci.txt (line 19))
e2e	Install Python deps	2025-09-13T03:32:31.2989363Z   Using cached pytest_asyncio-0.26.0-py3-none-any.whl.metadata (4.0 kB)
e2e	Install Python deps	2025-09-13T03:32:31.3129673Z Collecting pytest-cov==7.0.0 (from -r requirements-dev.txt (line 3))
e2e	Install Python deps	2025-09-13T03:32:31.3141603Z   Using cached pytest_cov-7.0.0-py3-none-any.whl.metadata (31 kB)
e2e	Install Python deps	2025-09-13T03:32:31.3272924Z Collecting pytest-timeout==2.4.0 (from -r requirements-dev.txt (line 4))
e2e	Install Python deps	2025-09-13T03:32:31.3284526Z   Using cached pytest_timeout-2.4.0-py3-none-any.whl.metadata (20 kB)
e2e	Install Python deps	2025-09-13T03:32:31.3452373Z Collecting pytest-mock==3.15.0 (from -r requirements-dev.txt (line 5))
e2e	Install Python deps	2025-09-13T03:32:31.3463995Z   Using cached pytest_mock-3.15.0-py3-none-any.whl.metadata (3.9 kB)
e2e	Install Python deps	2025-09-13T03:32:31.3634058Z Collecting freezegun<2,>=1.5 (from -r requirements-dev.txt (line 7))
e2e	Install Python deps	2025-09-13T03:32:31.3645892Z   Using cached freezegun-1.5.5-py3-none-any.whl.metadata (13 kB)
e2e	Install Python deps	2025-09-13T03:32:31.4620361Z Collecting mypy==1.18.1 (from -r requirements-dev.txt (line 14))
e2e	Install Python deps	2025-09-13T03:32:31.4634439Z   Using cached mypy-1.18.1-cp312-cp312-manylinux2014_x86_64.manylinux_2_17_x86_64.manylinux_2_28_x86_64.whl.metadata (2.2 kB)
e2e	Install Python deps	2025-09-13T03:32:31.8214297Z Collecting ruff==0.13.0 (from -r requirements-dev.txt (line 15))
e2e	Install Python deps	2025-09-13T03:32:31.8228583Z   Using cached ruff-0.13.0-py3-none-manylinux_2_17_x86_64.manylinux2014_x86_64.whl.metadata (25 kB)
e2e	Install Python deps	2025-09-13T03:32:31.8660937Z Collecting black==24.10.0 (from -r requirements-dev.txt (line 16))
e2e	Install Python deps	2025-09-13T03:32:31.8674601Z   Using cached black-24.10.0-cp312-cp312-manylinux_2_17_x86_64.manylinux2014_x86_64.manylinux_2_28_x86_64.whl.metadata (79 kB)
e2e	Install Python deps	2025-09-13T03:32:31.8892269Z Collecting markdown-it-py>=2.2.0 (from rich==13.9.2->-r requirements-ci.txt (line 8))
e2e	Install Python deps	2025-09-13T03:32:31.8904161Z   Using cached markdown_it_py-4.0.0-py3-none-any.whl.metadata (7.3 kB)
e2e	Install Python deps	2025-09-13T03:32:31.9120187Z Collecting pygments<3.0.0,>=2.13.0 (from rich==13.9.2->-r requirements-ci.txt (line 8))
e2e	Install Python deps	2025-09-13T03:32:31.9131963Z   Using cached pygments-2.19.2-py3-none-any.whl.metadata (2.5 kB)
e2e	Install Python deps	2025-09-13T03:32:31.9223347Z Collecting iniconfig>=1 (from pytest==8.4.2->-r requirements-ci.txt (line 10))
e2e	Install Python deps	2025-09-13T03:32:31.9234952Z   Using cached iniconfig-2.1.0-py3-none-any.whl.metadata (2.7 kB)
e2e	Install Python deps	2025-09-13T03:32:31.9382870Z Collecting packaging>=20 (from pytest==8.4.2->-r requirements-ci.txt (line 10))
e2e	Install Python deps	2025-09-13T03:32:31.9394597Z   Using cached packaging-25.0-py3-none-any.whl.metadata (3.3 kB)
e2e	Install Python deps	2025-09-13T03:32:31.9501345Z Collecting pluggy<2,>=1.5 (from pytest==8.4.2->-r requirements-ci.txt (line 10))
e2e	Install Python deps	2025-09-13T03:32:31.9512943Z   Using cached pluggy-1.6.0-py3-none-any.whl.metadata (4.8 kB)
e2e	Install Python deps	2025-09-13T03:32:32.0997029Z Collecting pydantic!=1.8,!=1.8.1,!=2.0.0,!=2.0.1,!=2.1.0,<3.0.0,>=1.7.4 (from fastapi==0.109.2->-r requirements-ci.txt (line 13))
e2e	Install Python deps	2025-09-13T03:32:32.1316672Z   Downloading pydantic-2.11.8-py3-none-any.whl.metadata (68 kB)
e2e	Install Python deps	2025-09-13T03:32:32.1734761Z Collecting starlette<0.37.0,>=0.36.3 (from fastapi==0.109.2->-r requirements-ci.txt (line 13))
e2e	Install Python deps	2025-09-13T03:32:32.1747168Z   Using cached starlette-0.36.3-py3-none-any.whl.metadata (5.9 kB)
e2e	Install Python deps	2025-09-13T03:32:32.1910222Z Collecting typing-extensions>=4.8.0 (from fastapi==0.109.2->-r requirements-ci.txt (line 13))
e2e	Install Python deps	2025-09-13T03:32:32.1922244Z   Using cached typing_extensions-4.15.0-py3-none-any.whl.metadata (3.3 kB)
e2e	Install Python deps	2025-09-13T03:32:32.2094372Z Collecting click>=7.0 (from uvicorn==0.27.1->-r requirements-ci.txt (line 14))
e2e	Install Python deps	2025-09-13T03:32:32.2106369Z   Using cached click-8.2.1-py3-none-any.whl.metadata (2.5 kB)
e2e	Install Python deps	2025-09-13T03:32:32.2197521Z Collecting h11>=0.8 (from uvicorn==0.27.1->-r requirements-ci.txt (line 14))
e2e	Install Python deps	2025-09-13T03:32:32.2209920Z   Using cached h11-0.16.0-py3-none-any.whl.metadata (8.3 kB)
e2e	Install Python deps	2025-09-13T03:32:32.2391232Z Collecting anyio (from httpx==0.28.1->-r requirements-ci.txt (line 18))
e2e	Install Python deps	2025-09-13T03:32:32.2402955Z   Using cached anyio-4.10.0-py3-none-any.whl.metadata (4.0 kB)
e2e	Install Python deps	2025-09-13T03:32:32.2580685Z Collecting certifi (from httpx==0.28.1->-r requirements-ci.txt (line 18))
e2e	Install Python deps	2025-09-13T03:32:32.2592489Z   Using cached certifi-2025.8.3-py3-none-any.whl.metadata (2.4 kB)
e2e	Install Python deps	2025-09-13T03:32:32.2763620Z Collecting httpcore==1.* (from httpx==0.28.1->-r requirements-ci.txt (line 18))
e2e	Install Python deps	2025-09-13T03:32:32.2775094Z   Using cached httpcore-1.0.9-py3-none-any.whl.metadata (21 kB)
e2e	Install Python deps	2025-09-13T03:32:32.2911548Z Collecting idna (from httpx==0.28.1->-r requirements-ci.txt (line 18))
e2e	Install Python deps	2025-09-13T03:32:32.2922876Z   Using cached idna-3.10-py3-none-any.whl.metadata (10 kB)
e2e	Install Python deps	2025-09-13T03:32:32.6531334Z Collecting coverage>=7.10.6 (from coverage[toml]>=7.10.6->pytest-cov==7.0.0->-r requirements-dev.txt (line 3))
e2e	Install Python deps	2025-09-13T03:32:32.6545435Z   Using cached coverage-7.10.6-cp312-cp312-manylinux1_x86_64.manylinux_2_28_x86_64.manylinux_2_5_x86_64.whl.metadata (8.9 kB)
e2e	Install Python deps	2025-09-13T03:32:32.6891459Z Collecting mypy_extensions>=1.0.0 (from mypy==1.18.1->-r requirements-dev.txt (line 14))
e2e	Install Python deps	2025-09-13T03:32:32.6902645Z   Using cached mypy_extensions-1.1.0-py3-none-any.whl.metadata (1.1 kB)
e2e	Install Python deps	2025-09-13T03:32:32.7000426Z Collecting pathspec>=0.9.0 (from mypy==1.18.1->-r requirements-dev.txt (line 14))
e2e	Install Python deps	2025-09-13T03:32:32.7010954Z   Using cached pathspec-0.12.1-py3-none-any.whl.metadata (21 kB)
e2e	Install Python deps	2025-09-13T03:32:32.7307032Z Collecting platformdirs>=2 (from black==24.10.0->-r requirements-dev.txt (line 16))
e2e	Install Python deps	2025-09-13T03:32:32.7318838Z   Using cached platformdirs-4.4.0-py3-none-any.whl.metadata (12 kB)
e2e	Install Python deps	2025-09-13T03:32:32.7460446Z Collecting python-dateutil>=2.7 (from freezegun<2,>=1.5->-r requirements-dev.txt (line 7))
e2e	Install Python deps	2025-09-13T03:32:32.7471277Z   Using cached python_dateutil-2.9.0.post0-py2.py3-none-any.whl.metadata (8.4 kB)
e2e	Install Python deps	2025-09-13T03:32:32.7596565Z Collecting annotated-types>=0.6.0 (from pydantic!=1.8,!=1.8.1,!=2.0.0,!=2.0.1,!=2.1.0,<3.0.0,>=1.7.4->fastapi==0.109.2->-r requirements-ci.txt (line 13))
e2e	Install Python deps	2025-09-13T03:32:32.7607578Z   Using cached annotated_types-0.7.0-py3-none-any.whl.metadata (15 kB)
e2e	Install Python deps	2025-09-13T03:32:33.4296354Z Collecting pydantic-core==2.33.2 (from pydantic!=1.8,!=1.8.1,!=2.0.0,!=2.0.1,!=2.1.0,<3.0.0,>=1.7.4->fastapi==0.109.2->-r requirements-ci.txt (line 13))
e2e	Install Python deps	2025-09-13T03:32:33.4309794Z   Using cached pydantic_core-2.33.2-cp312-cp312-manylinux_2_17_x86_64.manylinux2014_x86_64.whl.metadata (6.8 kB)
e2e	Install Python deps	2025-09-13T03:32:33.4439067Z Collecting typing-inspection>=0.4.0 (from pydantic!=1.8,!=1.8.1,!=2.0.0,!=2.0.1,!=2.1.0,<3.0.0,>=1.7.4->fastapi==0.109.2->-r requirements-ci.txt (line 13))
e2e	Install Python deps	2025-09-13T03:32:33.4450217Z   Using cached typing_inspection-0.4.1-py3-none-any.whl.metadata (2.6 kB)
e2e	Install Python deps	2025-09-13T03:32:33.4725033Z Collecting sniffio>=1.1 (from anyio->httpx==0.28.1->-r requirements-ci.txt (line 18))
e2e	Install Python deps	2025-09-13T03:32:33.4737741Z   Using cached sniffio-1.3.1-py3-none-any.whl.metadata (3.9 kB)
e2e	Install Python deps	2025-09-13T03:32:33.4982124Z Collecting mdurl~=0.1 (from markdown-it-py>=2.2.0->rich==13.9.2->-r requirements-ci.txt (line 8))
e2e	Install Python deps	2025-09-13T03:32:33.4994622Z   Using cached mdurl-0.1.2-py3-none-any.whl.metadata (1.6 kB)
e2e	Install Python deps	2025-09-13T03:32:33.5181614Z Collecting six>=1.5 (from python-dateutil>=2.7->freezegun<2,>=1.5->-r requirements-dev.txt (line 7))
e2e	Install Python deps	2025-09-13T03:32:33.5193455Z   Using cached six-1.17.0-py2.py3-none-any.whl.metadata (1.7 kB)
e2e	Install Python deps	2025-09-13T03:32:33.5361087Z Using cached loguru-0.7.2-py3-none-any.whl (62 kB)
e2e	Install Python deps	2025-09-13T03:32:33.5373090Z Using cached numpy-1.26.4-cp312-cp312-manylinux_2_17_x86_64.manylinux2014_x86_64.whl (18.0 MB)
e2e	Install Python deps	2025-09-13T03:32:33.5511623Z Using cached rich-13.9.2-py3-none-any.whl (242 kB)
e2e	Install Python deps	2025-09-13T03:32:33.5524187Z Using cached webvtt_py-0.5.1-py3-none-any.whl (19 kB)
e2e	Install Python deps	2025-09-13T03:32:33.5535801Z Using cached pytest-8.4.2-py3-none-any.whl (365 kB)
e2e	Install Python deps	2025-09-13T03:32:33.5549622Z Using cached fastapi-0.109.2-py3-none-any.whl (92 kB)
e2e	Install Python deps	2025-09-13T03:32:33.5561020Z Using cached uvicorn-0.27.1-py3-none-any.whl (60 kB)
e2e	Install Python deps	2025-09-13T03:32:33.5572945Z Using cached websockets-12.0-cp312-cp312-manylinux_2_5_x86_64.manylinux1_x86_64.manylinux_2_17_x86_64.manylinux2014_x86_64.whl (131 kB)
e2e	Install Python deps	2025-09-13T03:32:33.5584691Z Using cached httpx-0.28.1-py3-none-any.whl (73 kB)
e2e	Install Python deps	2025-09-13T03:32:33.5596271Z Using cached pytest_asyncio-0.26.0-py3-none-any.whl (19 kB)
e2e	Install Python deps	2025-09-13T03:32:33.5607377Z Using cached pytest_cov-7.0.0-py3-none-any.whl (22 kB)
e2e	Install Python deps	2025-09-13T03:32:33.5618492Z Using cached pytest_timeout-2.4.0-py3-none-any.whl (14 kB)
e2e	Install Python deps	2025-09-13T03:32:33.5629537Z Using cached pytest_mock-3.15.0-py3-none-any.whl (10 kB)
e2e	Install Python deps	2025-09-13T03:32:33.5641073Z Using cached mypy-1.18.1-cp312-cp312-manylinux2014_x86_64.manylinux_2_17_x86_64.manylinux_2_28_x86_64.whl (13.3 MB)
e2e	Install Python deps	2025-09-13T03:32:33.5746584Z Using cached ruff-0.13.0-py3-none-manylinux_2_17_x86_64.manylinux2014_x86_64.whl (13.4 MB)
e2e	Install Python deps	2025-09-13T03:32:33.5852904Z Using cached black-24.10.0-cp312-cp312-manylinux_2_17_x86_64.manylinux2014_x86_64.manylinux_2_28_x86_64.whl (1.8 MB)
e2e	Install Python deps	2025-09-13T03:32:33.5876222Z Using cached freezegun-1.5.5-py3-none-any.whl (19 kB)
e2e	Install Python deps	2025-09-13T03:32:33.5887578Z Using cached httpcore-1.0.9-py3-none-any.whl (78 kB)
e2e	Install Python deps	2025-09-13T03:32:33.5898953Z Using cached pluggy-1.6.0-py3-none-any.whl (20 kB)
e2e	Install Python deps	2025-09-13T03:32:33.5956783Z Downloading pydantic-2.11.8-py3-none-any.whl (444 kB)
e2e	Install Python deps	2025-09-13T03:32:33.6153580Z Using cached pydantic_core-2.33.2-cp312-cp312-manylinux_2_17_x86_64.manylinux2014_x86_64.whl (2.0 MB)
e2e	Install Python deps	2025-09-13T03:32:33.6178292Z Using cached pygments-2.19.2-py3-none-any.whl (1.2 MB)
e2e	Install Python deps	2025-09-13T03:32:33.6197302Z Using cached starlette-0.36.3-py3-none-any.whl (71 kB)
e2e	Install Python deps	2025-09-13T03:32:33.6208240Z Using cached anyio-4.10.0-py3-none-any.whl (107 kB)
e2e	Install Python deps	2025-09-13T03:32:33.6219553Z Using cached annotated_types-0.7.0-py3-none-any.whl (13 kB)
e2e	Install Python deps	2025-09-13T03:32:33.6230042Z Using cached click-8.2.1-py3-none-any.whl (102 kB)
e2e	Install Python deps	2025-09-13T03:32:33.6241588Z Using cached coverage-7.10.6-cp312-cp312-manylinux1_x86_64.manylinux_2_28_x86_64.manylinux_2_5_x86_64.whl (251 kB)
e2e	Install Python deps	2025-09-13T03:32:33.6253348Z Using cached h11-0.16.0-py3-none-any.whl (37 kB)
e2e	Install Python deps	2025-09-13T03:32:33.6263949Z Using cached idna-3.10-py3-none-any.whl (70 kB)
e2e	Install Python deps	2025-09-13T03:32:33.6275303Z Using cached iniconfig-2.1.0-py3-none-any.whl (6.0 kB)
e2e	Install Python deps	2025-09-13T03:32:33.6286348Z Using cached markdown_it_py-4.0.0-py3-none-any.whl (87 kB)
e2e	Install Python deps	2025-09-13T03:32:33.6297848Z Using cached mdurl-0.1.2-py3-none-any.whl (10.0 kB)
e2e	Install Python deps	2025-09-13T03:32:33.6308847Z Using cached mypy_extensions-1.1.0-py3-none-any.whl (5.0 kB)
e2e	Install Python deps	2025-09-13T03:32:33.6319754Z Using cached packaging-25.0-py3-none-any.whl (66 kB)
e2e	Install Python deps	2025-09-13T03:32:33.6331164Z Using cached pathspec-0.12.1-py3-none-any.whl (31 kB)
e2e	Install Python deps	2025-09-13T03:32:33.6342095Z Using cached platformdirs-4.4.0-py3-none-any.whl (18 kB)
e2e	Install Python deps	2025-09-13T03:32:33.6353416Z Using cached python_dateutil-2.9.0.post0-py2.py3-none-any.whl (229 kB)
e2e	Install Python deps	2025-09-13T03:32:33.6365650Z Using cached six-1.17.0-py2.py3-none-any.whl (11 kB)
e2e	Install Python deps	2025-09-13T03:32:33.6376385Z Using cached sniffio-1.3.1-py3-none-any.whl (10 kB)
e2e	Install Python deps	2025-09-13T03:32:33.6386989Z Using cached typing_extensions-4.15.0-py3-none-any.whl (44 kB)
e2e	Install Python deps	2025-09-13T03:32:33.6400439Z Using cached typing_inspection-0.4.1-py3-none-any.whl (14 kB)
e2e	Install Python deps	2025-09-13T03:32:33.6411256Z Using cached certifi-2025.8.3-py3-none-any.whl (161 kB)
e2e	Install Python deps	2025-09-13T03:32:33.8089604Z Installing collected packages: webvtt-py, websockets, typing-extensions, sniffio, six, ruff, pygments, pluggy, platformdirs, pathspec, packaging, numpy, mypy_extensions, mdurl, loguru, iniconfig, idna, h11, coverage, click, certifi, annotated-types, uvicorn, typing-inspection, python-dateutil, pytest, pydantic-core, mypy, markdown-it-py, httpcore, black, anyio, starlette, rich, pytest-timeout, pytest-mock, pytest-cov, pytest-asyncio, pydantic, httpx, freezegun, fastapi
e2e	Install Python deps	2025-09-13T03:32:39.9894117Z 
e2e	Install Python deps	2025-09-13T03:32:39.9940097Z Successfully installed annotated-types-0.7.0 anyio-4.10.0 black-24.10.0 certifi-2025.8.3 click-8.2.1 coverage-7.10.6 fastapi-0.109.2 freezegun-1.5.5 h11-0.16.0 httpcore-1.0.9 httpx-0.28.1 idna-3.10 iniconfig-2.1.0 loguru-0.7.2 markdown-it-py-4.0.0 mdurl-0.1.2 mypy-1.18.1 mypy_extensions-1.1.0 numpy-1.26.4 packaging-25.0 pathspec-0.12.1 platformdirs-4.4.0 pluggy-1.6.0 pydantic-2.11.8 pydantic-core-2.33.2 pygments-2.19.2 pytest-8.4.2 pytest-asyncio-0.26.0 pytest-cov-7.0.0 pytest-mock-3.15.0 pytest-timeout-2.4.0 python-dateutil-2.9.0.post0 rich-13.9.2 ruff-0.13.0 six-1.17.0 sniffio-1.3.1 starlette-0.36.3 typing-extensions-4.15.0 typing-inspection-0.4.1 uvicorn-0.27.1 websockets-12.0 webvtt-py-0.5.1
e2e	Enforce localhost-only	Ôªø2025-09-13T03:32:40.3109293Z ##[group]Run echo "Skipping iptables OUTPUT DROP (previously caused runner comm loss)."
e2e	Enforce localhost-only	2025-09-13T03:32:40.3109922Z [36;1mecho "Skipping iptables OUTPUT DROP (previously caused runner comm loss)."[0m
e2e	Enforce localhost-only	2025-09-13T03:32:40.3110535Z [36;1mecho "Relying on fakes/offline env vars; consider socket monkeypatch in tests if stricter isolation needed."[0m
e2e	Enforce localhost-only	2025-09-13T03:32:40.3141021Z shell: /usr/bin/bash -e {0}
e2e	Enforce localhost-only	2025-09-13T03:32:40.3141254Z env:
e2e	Enforce localhost-only	2025-09-13T03:32:40.3141447Z   HF_HUB_OFFLINE: 1
e2e	Enforce localhost-only	2025-09-13T03:32:40.3141651Z   TRANSFORMERS_OFFLINE: 1
e2e	Enforce localhost-only	2025-09-13T03:32:40.3141867Z   HF_HUB_DISABLE_TELEMETRY: 1
e2e	Enforce localhost-only	2025-09-13T03:32:40.3142091Z   LOQUILEX_OFFLINE: 1
e2e	Enforce localhost-only	2025-09-13T03:32:40.3142309Z   PYTEST_ADDOPTS: --timeout=500
e2e	Enforce localhost-only	2025-09-13T03:32:40.3142608Z   pythonLocation: /opt/hostedtoolcache/Python/3.12.3/x64
e2e	Enforce localhost-only	2025-09-13T03:32:40.3143027Z   PKG_CONFIG_PATH: /opt/hostedtoolcache/Python/3.12.3/x64/lib/pkgconfig
e2e	Enforce localhost-only	2025-09-13T03:32:40.3143424Z   Python_ROOT_DIR: /opt/hostedtoolcache/Python/3.12.3/x64
e2e	Enforce localhost-only	2025-09-13T03:32:40.3143775Z   Python2_ROOT_DIR: /opt/hostedtoolcache/Python/3.12.3/x64
e2e	Enforce localhost-only	2025-09-13T03:32:40.3144151Z   Python3_ROOT_DIR: /opt/hostedtoolcache/Python/3.12.3/x64
e2e	Enforce localhost-only	2025-09-13T03:32:40.3144496Z   LD_LIBRARY_PATH: /opt/hostedtoolcache/Python/3.12.3/x64/lib
e2e	Enforce localhost-only	2025-09-13T03:32:40.3144790Z ##[endgroup]
e2e	Enforce localhost-only	2025-09-13T03:32:40.3194204Z Skipping iptables OUTPUT DROP (previously caused runner comm loss).
e2e	Enforce localhost-only	2025-09-13T03:32:40.3194802Z Relying on fakes/offline env vars; consider socket monkeypatch in tests if stricter isolation needed.
e2e	Run e2e tests (verbose with artifacts)	Ôªø2025-09-13T03:32:40.3217888Z ##[group]Run set -e
e2e	Run e2e tests (verbose with artifacts)	2025-09-13T03:32:40.3218134Z [36;1mset -e[0m
e2e	Run e2e tests (verbose with artifacts)	2025-09-13T03:32:40.3218336Z [36;1mmkdir -p reports[0m
e2e	Run e2e tests (verbose with artifacts)	2025-09-13T03:32:40.3218609Z [36;1mecho "Running e2e test suite with verbose output"[0m
e2e	Run e2e tests (verbose with artifacts)	2025-09-13T03:32:40.3219097Z [36;1mif ! pytest -m e2e -vv -rA -s --maxfail=1 --disable-warnings --junit-xml=reports/e2e.junit.xml; then[0m
e2e	Run e2e tests (verbose with artifacts)	2025-09-13T03:32:40.3219582Z [36;1m  echo '::group::Re-run last failures (focused verbose)'[0m
e2e	Run e2e tests (verbose with artifacts)	2025-09-13T03:32:40.3219909Z [36;1m  pytest --lf -vv -rP -s || true[0m
e2e	Run e2e tests (verbose with artifacts)	2025-09-13T03:32:40.3220171Z [36;1m  echo '::endgroup::'[0m
e2e	Run e2e tests (verbose with artifacts)	2025-09-13T03:32:40.3220391Z [36;1m  exit 1[0m
e2e	Run e2e tests (verbose with artifacts)	2025-09-13T03:32:40.3220569Z [36;1mfi[0m
e2e	Run e2e tests (verbose with artifacts)	2025-09-13T03:32:40.3247614Z shell: /usr/bin/bash -e {0}
e2e	Run e2e tests (verbose with artifacts)	2025-09-13T03:32:40.3247844Z env:
e2e	Run e2e tests (verbose with artifacts)	2025-09-13T03:32:40.3248010Z   HF_HUB_OFFLINE: 1
e2e	Run e2e tests (verbose with artifacts)	2025-09-13T03:32:40.3248212Z   TRANSFORMERS_OFFLINE: 1
e2e	Run e2e tests (verbose with artifacts)	2025-09-13T03:32:40.3248431Z   HF_HUB_DISABLE_TELEMETRY: 1
e2e	Run e2e tests (verbose with artifacts)	2025-09-13T03:32:40.3248643Z   LOQUILEX_OFFLINE: 1
e2e	Run e2e tests (verbose with artifacts)	2025-09-13T03:32:40.3248853Z   PYTEST_ADDOPTS: --timeout=500
e2e	Run e2e tests (verbose with artifacts)	2025-09-13T03:32:40.3249182Z   pythonLocation: /opt/hostedtoolcache/Python/3.12.3/x64
e2e	Run e2e tests (verbose with artifacts)	2025-09-13T03:32:40.3249581Z   PKG_CONFIG_PATH: /opt/hostedtoolcache/Python/3.12.3/x64/lib/pkgconfig
e2e	Run e2e tests (verbose with artifacts)	2025-09-13T03:32:40.3249963Z   Python_ROOT_DIR: /opt/hostedtoolcache/Python/3.12.3/x64
e2e	Run e2e tests (verbose with artifacts)	2025-09-13T03:32:40.3250309Z   Python2_ROOT_DIR: /opt/hostedtoolcache/Python/3.12.3/x64
e2e	Run e2e tests (verbose with artifacts)	2025-09-13T03:32:40.3250655Z   Python3_ROOT_DIR: /opt/hostedtoolcache/Python/3.12.3/x64
e2e	Run e2e tests (verbose with artifacts)	2025-09-13T03:32:40.3251004Z   LD_LIBRARY_PATH: /opt/hostedtoolcache/Python/3.12.3/x64/lib
e2e	Run e2e tests (verbose with artifacts)	2025-09-13T03:32:40.3251461Z ##[endgroup]
e2e	Run e2e tests (verbose with artifacts)	2025-09-13T03:32:40.3310123Z Running e2e test suite with verbose output
e2e	Run e2e tests (verbose with artifacts)	2025-09-13T03:32:40.7922561Z ============================= test session starts ==============================
e2e	Run e2e tests (verbose with artifacts)	2025-09-13T03:32:40.7923571Z platform linux -- Python 3.12.3, pytest-8.4.2, pluggy-1.6.0 -- /opt/hostedtoolcache/Python/3.12.3/x64/bin/python
e2e	Run e2e tests (verbose with artifacts)	2025-09-13T03:32:40.7924187Z cachedir: .pytest_cache
e2e	Run e2e tests (verbose with artifacts)	2025-09-13T03:32:40.7924512Z rootdir: /home/runner/work/LoquiLex/LoquiLex
e2e	Run e2e tests (verbose with artifacts)	2025-09-13T03:32:40.7924901Z configfile: pytest.ini
e2e	Run e2e tests (verbose with artifacts)	2025-09-13T03:32:40.7925155Z testpaths: tests
e2e	Run e2e tests (verbose with artifacts)	2025-09-13T03:32:40.7925532Z plugins: mock-3.15.0, timeout-2.4.0, anyio-4.10.0, cov-7.0.0, asyncio-0.26.0
e2e	Run e2e tests (verbose with artifacts)	2025-09-13T03:32:40.7925952Z timeout: 500.0s
e2e	Run e2e tests (verbose with artifacts)	2025-09-13T03:32:40.7926402Z timeout method: thread
e2e	Run e2e tests (verbose with artifacts)	2025-09-13T03:32:40.7926668Z timeout func_only: False
e2e	Run e2e tests (verbose with artifacts)	2025-09-13T03:32:40.7927188Z asyncio: mode=Mode.STRICT, asyncio_default_fixture_loop_scope=None, asyncio_default_test_loop_scope=function
e2e	Run e2e tests (verbose with artifacts)	2025-09-13T03:32:41.3588995Z collecting ... collected 25 items / 21 deselected / 4 selected
e2e	Run e2e tests (verbose with artifacts)	2025-09-13T03:32:41.3589399Z 
e2e	Run e2e tests (verbose with artifacts)	2025-09-13T03:32:41.4795035Z tests/test_e2e_websocket_api.py::test_e2e_websocket_live_session FAILED
e2e	Run e2e tests (verbose with artifacts)	2025-09-13T03:32:41.4795669Z 
e2e	Run e2e tests (verbose with artifacts)	2025-09-13T03:32:41.4795913Z =================================== FAILURES ===================================
e2e	Run e2e tests (verbose with artifacts)	2025-09-13T03:32:41.4797064Z _______________________ test_e2e_websocket_live_session ________________________
e2e	Run e2e tests (verbose with artifacts)	2025-09-13T03:32:41.4797619Z 
e2e	Run e2e tests (verbose with artifacts)	2025-09-13T03:32:41.4797787Z     @pytest.mark.e2e
e2e	Run e2e tests (verbose with artifacts)	2025-09-13T03:32:41.4798214Z     @pytest.mark.asyncio
e2e	Run e2e tests (verbose with artifacts)	2025-09-13T03:32:41.4798699Z     async def test_e2e_websocket_live_session():
e2e	Run e2e tests (verbose with artifacts)	2025-09-13T03:32:41.4799374Z         """Test end-to-end WebSocket live session with mock ASR engine."""
e2e	Run e2e tests (verbose with artifacts)	2025-09-13T03:32:41.4799775Z     
e2e	Run e2e tests (verbose with artifacts)	2025-09-13T03:32:41.4800102Z         # Mock environment to avoid requiring real models and audio devices
e2e	Run e2e tests (verbose with artifacts)	2025-09-13T03:32:41.4800507Z         test_env = {
e2e	Run e2e tests (verbose with artifacts)	2025-09-13T03:32:41.4800798Z             "GF_ASR_MODEL": "tiny.en",  # Use smallest model
e2e	Run e2e tests (verbose with artifacts)	2025-09-13T03:32:41.4801161Z             "GF_DEVICE": "cpu",
e2e	Run e2e tests (verbose with artifacts)	2025-09-13T03:32:41.4801427Z             "GF_SAVE_AUDIO": "off",
e2e	Run e2e tests (verbose with artifacts)	2025-09-13T03:32:41.4801683Z             "LLX_OUT_DIR": "/tmp/loquilex_test",
e2e	Run e2e tests (verbose with artifacts)	2025-09-13T03:32:41.4801984Z             "LLX_ALLOWED_ORIGINS": "http://testserver",
e2e	Run e2e tests (verbose with artifacts)	2025-09-13T03:32:41.4802241Z         }
e2e	Run e2e tests (verbose with artifacts)	2025-09-13T03:32:41.4802406Z     
e2e	Run e2e tests (verbose with artifacts)	2025-09-13T03:32:41.4802601Z         with patch.dict(os.environ, test_env):
e2e	Run e2e tests (verbose with artifacts)	2025-09-13T03:32:41.4803261Z             # Use FastAPI TestClient to get a test server
e2e	Run e2e tests (verbose with artifacts)	2025-09-13T03:32:41.4803553Z >           with TestClient(app) as client:
e2e	Run e2e tests (verbose with artifacts)	2025-09-13T03:32:41.4803807Z                  ^^^^^^^^^^^^^^^
e2e	Run e2e tests (verbose with artifacts)	2025-09-13T03:32:41.4803952Z 
e2e	Run e2e tests (verbose with artifacts)	2025-09-13T03:32:41.4804055Z tests/test_e2e_websocket_api.py:92: 
e2e	Run e2e tests (verbose with artifacts)	2025-09-13T03:32:41.4804333Z _ _ _ _ _ _ _ _ _ _ _ _ _ _ _ _ _ _ _ _ _ _ _ _ _ _ _ _ _ _ _ _ _ _ _ _ _ _ _ _ 
e2e	Run e2e tests (verbose with artifacts)	2025-09-13T03:32:41.4804540Z 
e2e	Run e2e tests (verbose with artifacts)	2025-09-13T03:32:41.4804709Z self = <starlette.testclient.TestClient object at 0x7fe6a10227e0>
e2e	Run e2e tests (verbose with artifacts)	2025-09-13T03:32:41.4805128Z app = <fastapi.applications.FastAPI object at 0x7fe6a1402e10>
e2e	Run e2e tests (verbose with artifacts)	2025-09-13T03:32:41.4805554Z base_url = 'http://testserver', raise_server_exceptions = True, root_path = ''
e2e	Run e2e tests (verbose with artifacts)	2025-09-13T03:32:41.4805972Z backend = 'asyncio', backend_options = None, cookies = None
e2e	Run e2e tests (verbose with artifacts)	2025-09-13T03:32:41.4806620Z headers = {'user-agent': 'testclient'}, follow_redirects = True
e2e	Run e2e tests (verbose with artifacts)	2025-09-13T03:32:41.4806851Z 
e2e	Run e2e tests (verbose with artifacts)	2025-09-13T03:32:41.4806928Z     def __init__(
e2e	Run e2e tests (verbose with artifacts)	2025-09-13T03:32:41.4807113Z         self,
e2e	Run e2e tests (verbose with artifacts)	2025-09-13T03:32:41.4807297Z         app: ASGIApp,
e2e	Run e2e tests (verbose with artifacts)	2025-09-13T03:32:41.4807523Z         base_url: str = "http://testserver",
e2e	Run e2e tests (verbose with artifacts)	2025-09-13T03:32:41.4807800Z         raise_server_exceptions: bool = True,
e2e	Run e2e tests (verbose with artifacts)	2025-09-13T03:32:41.4808053Z         root_path: str = "",
e2e	Run e2e tests (verbose with artifacts)	2025-09-13T03:32:41.4808332Z         backend: typing.Literal["asyncio", "trio"] = "asyncio",
e2e	Run e2e tests (verbose with artifacts)	2025-09-13T03:32:41.4808678Z         backend_options: dict[str, typing.Any] | None = None,
e2e	Run e2e tests (verbose with artifacts)	2025-09-13T03:32:41.4809003Z         cookies: httpx._types.CookieTypes | None = None,
e2e	Run e2e tests (verbose with artifacts)	2025-09-13T03:32:41.4830406Z         headers: dict[str, str] | None = None,
e2e	Run e2e tests (verbose with artifacts)	2025-09-13T03:32:41.4830946Z         follow_redirects: bool = True,
e2e	Run e2e tests (verbose with artifacts)	2025-09-13T03:32:41.4831351Z     ) -> None:
e2e	Run e2e tests (verbose with artifacts)	2025-09-13T03:32:41.4831708Z         self.async_backend = _AsyncBackend(
e2e	Run e2e tests (verbose with artifacts)	2025-09-13T03:32:41.4832222Z             backend=backend, backend_options=backend_options or {}
e2e	Run e2e tests (verbose with artifacts)	2025-09-13T03:32:41.4832682Z         )
e2e	Run e2e tests (verbose with artifacts)	2025-09-13T03:32:41.4832955Z         if _is_asgi3(app):
e2e	Run e2e tests (verbose with artifacts)	2025-09-13T03:32:41.4833297Z             asgi_app = app
e2e	Run e2e tests (verbose with artifacts)	2025-09-13T03:32:41.4833644Z         else:
e2e	Run e2e tests (verbose with artifacts)	2025-09-13T03:32:41.4834058Z             app = typing.cast(ASGI2App, app)  # type: ignore[assignment]
e2e	Run e2e tests (verbose with artifacts)	2025-09-13T03:32:41.4834675Z             asgi_app = _WrapASGI2(app)  # type: ignore[arg-type]
e2e	Run e2e tests (verbose with artifacts)	2025-09-13T03:32:41.4835178Z         self.app = asgi_app
e2e	Run e2e tests (verbose with artifacts)	2025-09-13T03:32:41.4835588Z         self.app_state: dict[str, typing.Any] = {}
e2e	Run e2e tests (verbose with artifacts)	2025-09-13T03:32:41.4836275Z         transport = _TestClientTransport(
e2e	Run e2e tests (verbose with artifacts)	2025-09-13T03:32:41.4836744Z             self.app,
e2e	Run e2e tests (verbose with artifacts)	2025-09-13T03:32:41.4837159Z             portal_factory=self._portal_factory,
e2e	Run e2e tests (verbose with artifacts)	2025-09-13T03:32:41.4837691Z             raise_server_exceptions=raise_server_exceptions,
e2e	Run e2e tests (verbose with artifacts)	2025-09-13T03:32:41.4838189Z             root_path=root_path,
e2e	Run e2e tests (verbose with artifacts)	2025-09-13T03:32:41.4838606Z             app_state=self.app_state,
e2e	Run e2e tests (verbose with artifacts)	2025-09-13T03:32:41.4838998Z         )
e2e	Run e2e tests (verbose with artifacts)	2025-09-13T03:32:41.4839304Z         if headers is None:
e2e	Run e2e tests (verbose with artifacts)	2025-09-13T03:32:41.4839665Z             headers = {}
e2e	Run e2e tests (verbose with artifacts)	2025-09-13T03:32:41.4840084Z         headers.setdefault("user-agent", "testclient")
e2e	Run e2e tests (verbose with artifacts)	2025-09-13T03:32:41.4840578Z >       super().__init__(
e2e	Run e2e tests (verbose with artifacts)	2025-09-13T03:32:41.4840943Z             app=self.app,
e2e	Run e2e tests (verbose with artifacts)	2025-09-13T03:32:41.4841293Z             base_url=base_url,
e2e	Run e2e tests (verbose with artifacts)	2025-09-13T03:32:41.4841660Z             headers=headers,
e2e	Run e2e tests (verbose with artifacts)	2025-09-13T03:32:41.4842047Z             transport=transport,
e2e	Run e2e tests (verbose with artifacts)	2025-09-13T03:32:41.4842566Z             follow_redirects=follow_redirects,
e2e	Run e2e tests (verbose with artifacts)	2025-09-13T03:32:41.4843067Z             cookies=cookies,
e2e	Run e2e tests (verbose with artifacts)	2025-09-13T03:32:41.4843425Z         )
e2e	Run e2e tests (verbose with artifacts)	2025-09-13T03:32:41.4843904Z E       TypeError: Client.__init__() got an unexpected keyword argument 'app'
e2e	Run e2e tests (verbose with artifacts)	2025-09-13T03:32:41.4844372Z 
e2e	Run e2e tests (verbose with artifacts)	2025-09-13T03:32:41.4844969Z /opt/hostedtoolcache/Python/3.12.3/x64/lib/python3.12/site-packages/starlette/testclient.py:429: TypeError
e2e	Run e2e tests (verbose with artifacts)	2025-09-13T03:32:41.4846248Z - generated xml file: /home/runner/work/LoquiLex/LoquiLex/reports/e2e.junit.xml -
e2e	Run e2e tests (verbose with artifacts)	2025-09-13T03:32:41.4847073Z =========================== short test summary info ============================
e2e	Run e2e tests (verbose with artifacts)	2025-09-13T03:32:41.4848216Z FAILED tests/test_e2e_websocket_api.py::test_e2e_websocket_live_session - TypeError: Client.__init__() got an unexpected keyword argument 'app'
e2e	Run e2e tests (verbose with artifacts)	2025-09-13T03:32:41.4849696Z !!!!!!!!!!!!!!!!!!!!!!!!!! stopping after 1 failures !!!!!!!!!!!!!!!!!!!!!!!!!!!
e2e	Run e2e tests (verbose with artifacts)	2025-09-13T03:32:41.4850370Z ======================= 1 failed, 21 deselected in 0.63s =======================
e2e	Run e2e tests (verbose with artifacts)	2025-09-13T03:32:41.5515151Z ##[group]Re-run last failures (focused verbose)
e2e	Run e2e tests (verbose with artifacts)	2025-09-13T03:32:41.7987997Z ============================= test session starts ==============================
e2e	Run e2e tests (verbose with artifacts)	2025-09-13T03:32:41.7988982Z platform linux -- Python 3.12.3, pytest-8.4.2, pluggy-1.6.0 -- /opt/hostedtoolcache/Python/3.12.3/x64/bin/python
e2e	Run e2e tests (verbose with artifacts)	2025-09-13T03:32:41.7989817Z cachedir: .pytest_cache
e2e	Run e2e tests (verbose with artifacts)	2025-09-13T03:32:41.7990275Z rootdir: /home/runner/work/LoquiLex/LoquiLex
e2e	Run e2e tests (verbose with artifacts)	2025-09-13T03:32:41.7990780Z configfile: pytest.ini
e2e	Run e2e tests (verbose with artifacts)	2025-09-13T03:32:41.7991155Z testpaths: tests
e2e	Run e2e tests (verbose with artifacts)	2025-09-13T03:32:41.7991696Z plugins: mock-3.15.0, timeout-2.4.0, anyio-4.10.0, cov-7.0.0, asyncio-0.26.0
e2e	Run e2e tests (verbose with artifacts)	2025-09-13T03:32:41.7992338Z timeout: 500.0s
e2e	Run e2e tests (verbose with artifacts)	2025-09-13T03:32:41.7992690Z timeout method: thread
e2e	Run e2e tests (verbose with artifacts)	2025-09-13T03:32:41.7993081Z timeout func_only: False
e2e	Run e2e tests (verbose with artifacts)	2025-09-13T03:32:41.7993870Z asyncio: mode=Mode.STRICT, asyncio_default_fixture_loop_scope=None, asyncio_default_test_loop_scope=function
e2e	Run e2e tests (verbose with artifacts)	2025-09-13T03:32:42.1836488Z collecting ... collected 1 item
e2e	Run e2e tests (verbose with artifacts)	2025-09-13T03:32:42.1837144Z run-last-failure: rerun previous 1 failure (skipped 11 files)
e2e	Run e2e tests (verbose with artifacts)	2025-09-13T03:32:42.1837431Z 
e2e	Run e2e tests (verbose with artifacts)	2025-09-13T03:32:42.2841875Z tests/test_e2e_websocket_api.py::test_e2e_websocket_live_session FAILED
e2e	Run e2e tests (verbose with artifacts)	2025-09-13T03:32:42.2842828Z 
e2e	Run e2e tests (verbose with artifacts)	2025-09-13T03:32:42.2842987Z =================================== FAILURES ===================================
e2e	Run e2e tests (verbose with artifacts)	2025-09-13T03:32:42.2843475Z _______________________ test_e2e_websocket_live_session ________________________
e2e	Run e2e tests (verbose with artifacts)	2025-09-13T03:32:42.2843796Z 
e2e	Run e2e tests (verbose with artifacts)	2025-09-13T03:32:42.2843901Z     @pytest.mark.e2e
e2e	Run e2e tests (verbose with artifacts)	2025-09-13T03:32:42.2844174Z     @pytest.mark.asyncio
e2e	Run e2e tests (verbose with artifacts)	2025-09-13T03:32:42.2844480Z     async def test_e2e_websocket_live_session():
e2e	Run e2e tests (verbose with artifacts)	2025-09-13T03:32:42.2844951Z         """Test end-to-end WebSocket live session with mock ASR engine."""
e2e	Run e2e tests (verbose with artifacts)	2025-09-13T03:32:42.2845366Z     
e2e	Run e2e tests (verbose with artifacts)	2025-09-13T03:32:42.2845702Z         # Mock environment to avoid requiring real models and audio devices
e2e	Run e2e tests (verbose with artifacts)	2025-09-13T03:32:42.2846394Z         test_env = {
e2e	Run e2e tests (verbose with artifacts)	2025-09-13T03:32:42.2846694Z             "GF_ASR_MODEL": "tiny.en",  # Use smallest model
e2e	Run e2e tests (verbose with artifacts)	2025-09-13T03:32:42.2847023Z             "GF_DEVICE": "cpu",
e2e	Run e2e tests (verbose with artifacts)	2025-09-13T03:32:42.2847255Z             "GF_SAVE_AUDIO": "off",
e2e	Run e2e tests (verbose with artifacts)	2025-09-13T03:32:42.2847518Z             "LLX_OUT_DIR": "/tmp/loquilex_test",
e2e	Run e2e tests (verbose with artifacts)	2025-09-13T03:32:42.2847843Z             "LLX_ALLOWED_ORIGINS": "http://testserver",
e2e	Run e2e tests (verbose with artifacts)	2025-09-13T03:32:42.2848115Z         }
e2e	Run e2e tests (verbose with artifacts)	2025-09-13T03:32:42.2848293Z     
e2e	Run e2e tests (verbose with artifacts)	2025-09-13T03:32:42.2848495Z         with patch.dict(os.environ, test_env):
e2e	Run e2e tests (verbose with artifacts)	2025-09-13T03:32:42.2848796Z             # Use FastAPI TestClient to get a test server
e2e	Run e2e tests (verbose with artifacts)	2025-09-13T03:32:42.2849094Z >           with TestClient(app) as client:
e2e	Run e2e tests (verbose with artifacts)	2025-09-13T03:32:42.2849357Z                  ^^^^^^^^^^^^^^^
e2e	Run e2e tests (verbose with artifacts)	2025-09-13T03:32:42.2849512Z 
e2e	Run e2e tests (verbose with artifacts)	2025-09-13T03:32:42.2849612Z tests/test_e2e_websocket_api.py:92: 
e2e	Run e2e tests (verbose with artifacts)	2025-09-13T03:32:42.2849910Z _ _ _ _ _ _ _ _ _ _ _ _ _ _ _ _ _ _ _ _ _ _ _ _ _ _ _ _ _ _ _ _ _ _ _ _ _ _ _ _ 
e2e	Run e2e tests (verbose with artifacts)	2025-09-13T03:32:42.2850126Z 
e2e	Run e2e tests (verbose with artifacts)	2025-09-13T03:32:42.2850302Z self = <starlette.testclient.TestClient object at 0x7f8b89fff560>
e2e	Run e2e tests (verbose with artifacts)	2025-09-13T03:32:42.2850723Z app = <fastapi.applications.FastAPI object at 0x7f8b89f74dd0>
e2e	Run e2e tests (verbose with artifacts)	2025-09-13T03:32:42.2851188Z base_url = 'http://testserver', raise_server_exceptions = True, root_path = ''
e2e	Run e2e tests (verbose with artifacts)	2025-09-13T03:32:42.2851621Z backend = 'asyncio', backend_options = None, cookies = None
e2e	Run e2e tests (verbose with artifacts)	2025-09-13T03:32:42.2852011Z headers = {'user-agent': 'testclient'}, follow_redirects = True
e2e	Run e2e tests (verbose with artifacts)	2025-09-13T03:32:42.2852253Z 
e2e	Run e2e tests (verbose with artifacts)	2025-09-13T03:32:42.2852337Z     def __init__(
e2e	Run e2e tests (verbose with artifacts)	2025-09-13T03:32:42.2852523Z         self,
e2e	Run e2e tests (verbose with artifacts)	2025-09-13T03:32:42.2852710Z         app: ASGIApp,
e2e	Run e2e tests (verbose with artifacts)	2025-09-13T03:32:42.2852938Z         base_url: str = "http://testserver",
e2e	Run e2e tests (verbose with artifacts)	2025-09-13T03:32:42.2853223Z         raise_server_exceptions: bool = True,
e2e	Run e2e tests (verbose with artifacts)	2025-09-13T03:32:42.2853670Z         root_path: str = "",
e2e	Run e2e tests (verbose with artifacts)	2025-09-13T03:32:42.2853968Z         backend: typing.Literal["asyncio", "trio"] = "asyncio",
e2e	Run e2e tests (verbose with artifacts)	2025-09-13T03:32:42.2854332Z         backend_options: dict[str, typing.Any] | None = None,
e2e	Run e2e tests (verbose with artifacts)	2025-09-13T03:32:42.2854675Z         cookies: httpx._types.CookieTypes | None = None,
e2e	Run e2e tests (verbose with artifacts)	2025-09-13T03:32:42.2854987Z         headers: dict[str, str] | None = None,
e2e	Run e2e tests (verbose with artifacts)	2025-09-13T03:32:42.2855269Z         follow_redirects: bool = True,
e2e	Run e2e tests (verbose with artifacts)	2025-09-13T03:32:42.2855519Z     ) -> None:
e2e	Run e2e tests (verbose with artifacts)	2025-09-13T03:32:42.2855739Z         self.async_backend = _AsyncBackend(
e2e	Run e2e tests (verbose with artifacts)	2025-09-13T03:32:42.2856179Z             backend=backend, backend_options=backend_options or {}
e2e	Run e2e tests (verbose with artifacts)	2025-09-13T03:32:42.2856490Z         )
e2e	Run e2e tests (verbose with artifacts)	2025-09-13T03:32:42.2856681Z         if _is_asgi3(app):
e2e	Run e2e tests (verbose with artifacts)	2025-09-13T03:32:42.2856907Z             asgi_app = app
e2e	Run e2e tests (verbose with artifacts)	2025-09-13T03:32:42.2857121Z         else:
e2e	Run e2e tests (verbose with artifacts)	2025-09-13T03:32:42.2857377Z             app = typing.cast(ASGI2App, app)  # type: ignore[assignment]
e2e	Run e2e tests (verbose with artifacts)	2025-09-13T03:32:42.2857757Z             asgi_app = _WrapASGI2(app)  # type: ignore[arg-type]
e2e	Run e2e tests (verbose with artifacts)	2025-09-13T03:32:42.2858068Z         self.app = asgi_app
e2e	Run e2e tests (verbose with artifacts)	2025-09-13T03:32:42.2858315Z         self.app_state: dict[str, typing.Any] = {}
e2e	Run e2e tests (verbose with artifacts)	2025-09-13T03:32:42.2858596Z         transport = _TestClientTransport(
e2e	Run e2e tests (verbose with artifacts)	2025-09-13T03:32:42.2858857Z             self.app,
e2e	Run e2e tests (verbose with artifacts)	2025-09-13T03:32:42.2859075Z             portal_factory=self._portal_factory,
e2e	Run e2e tests (verbose with artifacts)	2025-09-13T03:32:42.2859380Z             raise_server_exceptions=raise_server_exceptions,
e2e	Run e2e tests (verbose with artifacts)	2025-09-13T03:32:42.2859663Z             root_path=root_path,
e2e	Run e2e tests (verbose with artifacts)	2025-09-13T03:32:42.2860048Z             app_state=self.app_state,
e2e	Run e2e tests (verbose with artifacts)	2025-09-13T03:32:42.2860283Z         )
e2e	Run e2e tests (verbose with artifacts)	2025-09-13T03:32:42.2860455Z         if headers is None:
e2e	Run e2e tests (verbose with artifacts)	2025-09-13T03:32:42.2860673Z             headers = {}
e2e	Run e2e tests (verbose with artifacts)	2025-09-13T03:32:42.2860922Z         headers.setdefault("user-agent", "testclient")
e2e	Run e2e tests (verbose with artifacts)	2025-09-13T03:32:42.2861201Z >       super().__init__(
e2e	Run e2e tests (verbose with artifacts)	2025-09-13T03:32:42.2861409Z             app=self.app,
e2e	Run e2e tests (verbose with artifacts)	2025-09-13T03:32:42.2861622Z             base_url=base_url,
e2e	Run e2e tests (verbose with artifacts)	2025-09-13T03:32:42.2861851Z             headers=headers,
e2e	Run e2e tests (verbose with artifacts)	2025-09-13T03:32:42.2862079Z             transport=transport,
e2e	Run e2e tests (verbose with artifacts)	2025-09-13T03:32:42.2862332Z             follow_redirects=follow_redirects,
e2e	Run e2e tests (verbose with artifacts)	2025-09-13T03:32:42.2862585Z             cookies=cookies,
e2e	Run e2e tests (verbose with artifacts)	2025-09-13T03:32:42.2862788Z         )
e2e	Run e2e tests (verbose with artifacts)	2025-09-13T03:32:42.2863060Z E       TypeError: Client.__init__() got an unexpected keyword argument 'app'
e2e	Run e2e tests (verbose with artifacts)	2025-09-13T03:32:42.2863328Z 
e2e	Run e2e tests (verbose with artifacts)	2025-09-13T03:32:42.2863640Z /opt/hostedtoolcache/Python/3.12.3/x64/lib/python3.12/site-packages/starlette/testclient.py:429: TypeError
e2e	Run e2e tests (verbose with artifacts)	2025-09-13T03:32:42.2864147Z ============================== 1 failed in 0.44s ===============================
e2e	Run e2e tests (verbose with artifacts)	2025-09-13T03:32:42.3359508Z ##[endgroup]
e2e	Run e2e tests (verbose with artifacts)	2025-09-13T03:32:42.3371846Z ##[error]Process completed with exit code 1.
e2e	Upload e2e artifacts (always)	Ôªø2025-09-13T03:32:42.3432952Z ##[group]Run actions/upload-artifact@v4
e2e	Upload e2e artifacts (always)	2025-09-13T03:32:42.3433236Z with:
e2e	Upload e2e artifacts (always)	2025-09-13T03:32:42.3433410Z   name: e2e-artifacts
e2e	Upload e2e artifacts (always)	2025-09-13T03:32:42.3433627Z   path: reports
e2e	Upload e2e artifacts (always)	.pytest_cache
e2e	Upload e2e artifacts (always)	
e2e	Upload e2e artifacts (always)	2025-09-13T03:32:42.3433870Z   if-no-files-found: warn
e2e	Upload e2e artifacts (always)	2025-09-13T03:32:42.3434083Z   compression-level: 6
e2e	Upload e2e artifacts (always)	2025-09-13T03:32:42.3434288Z   overwrite: false
e2e	Upload e2e artifacts (always)	2025-09-13T03:32:42.3434488Z   include-hidden-files: false
e2e	Upload e2e artifacts (always)	2025-09-13T03:32:42.3434697Z env:
e2e	Upload e2e artifacts (always)	2025-09-13T03:32:42.3434864Z   HF_HUB_OFFLINE: 1
e2e	Upload e2e artifacts (always)	2025-09-13T03:32:42.3435062Z   TRANSFORMERS_OFFLINE: 1
e2e	Upload e2e artifacts (always)	2025-09-13T03:32:42.3435274Z   HF_HUB_DISABLE_TELEMETRY: 1
e2e	Upload e2e artifacts (always)	2025-09-13T03:32:42.3435491Z   LOQUILEX_OFFLINE: 1
e2e	Upload e2e artifacts (always)	2025-09-13T03:32:42.3435702Z   PYTEST_ADDOPTS: --timeout=500
e2e	Upload e2e artifacts (always)	2025-09-13T03:32:42.3436011Z   pythonLocation: /opt/hostedtoolcache/Python/3.12.3/x64
e2e	Upload e2e artifacts (always)	2025-09-13T03:32:42.3436637Z   PKG_CONFIG_PATH: /opt/hostedtoolcache/Python/3.12.3/x64/lib/pkgconfig
e2e	Upload e2e artifacts (always)	2025-09-13T03:32:42.3437039Z   Python_ROOT_DIR: /opt/hostedtoolcache/Python/3.12.3/x64
e2e	Upload e2e artifacts (always)	2025-09-13T03:32:42.3437389Z   Python2_ROOT_DIR: /opt/hostedtoolcache/Python/3.12.3/x64
e2e	Upload e2e artifacts (always)	2025-09-13T03:32:42.3437770Z   Python3_ROOT_DIR: /opt/hostedtoolcache/Python/3.12.3/x64
e2e	Upload e2e artifacts (always)	2025-09-13T03:32:42.3438119Z   LD_LIBRARY_PATH: /opt/hostedtoolcache/Python/3.12.3/x64/lib
e2e	Upload e2e artifacts (always)	2025-09-13T03:32:42.3438415Z ##[endgroup]
e2e	Upload e2e artifacts (always)	2025-09-13T03:32:42.5541948Z Multiple search paths detected. Calculating the least common ancestor of all paths
e2e	Upload e2e artifacts (always)	2025-09-13T03:32:42.5544468Z The least common ancestor is /home/runner/work/LoquiLex/LoquiLex. This will be the root directory of the artifact
e2e	Upload e2e artifacts (always)	2025-09-13T03:32:42.5545110Z With the provided path, there will be 1 file uploaded
e2e	Upload e2e artifacts (always)	2025-09-13T03:32:42.5551193Z Artifact name is valid!
e2e	Upload e2e artifacts (always)	2025-09-13T03:32:42.5552410Z Root directory input is valid!
e2e	Upload e2e artifacts (always)	2025-09-13T03:32:42.6931589Z Beginning upload of artifact content to blob storage
e2e	Upload e2e artifacts (always)	2025-09-13T03:32:42.8453253Z Uploaded bytes 1462
e2e	Upload e2e artifacts (always)	2025-09-13T03:32:42.8843956Z Finished uploading artifact content to blob storage!
e2e	Upload e2e artifacts (always)	2025-09-13T03:32:42.8847124Z SHA256 digest of uploaded artifact zip is c1b76d730cc5bd958c3e8ab8c36c97d1ae6c2ad62a76ba437780f8bb2c000384
e2e	Upload e2e artifacts (always)	2025-09-13T03:32:42.8849219Z Finalizing artifact upload
e2e	Upload e2e artifacts (always)	2025-09-13T03:32:42.9735063Z Artifact e2e-artifacts.zip successfully finalized. Artifact ID 4001578431
e2e	Upload e2e artifacts (always)	2025-09-13T03:32:42.9735897Z Artifact e2e-artifacts has been successfully uploaded! Final size is 1462 bytes. Artifact ID is 4001578431
e2e	Upload e2e artifacts (always)	2025-09-13T03:32:42.9742418Z Artifact download URL: https://github.com/Guffawaffle/LoquiLex/actions/runs/17691185152/artifacts/4001578431
e2e	Post Run actions/checkout@v4	Ôªø2025-09-13T03:32:42.9871066Z Post job cleanup.
e2e	Post Run actions/checkout@v4	2025-09-13T03:32:43.0790639Z [command]/usr/bin/git version
e2e	Post Run actions/checkout@v4	2025-09-13T03:32:43.0832939Z git version 2.51.0
e2e	Post Run actions/checkout@v4	2025-09-13T03:32:43.0875550Z Temporarily overriding HOME='/home/runner/work/_temp/6963cc9d-6615-468c-a49f-4b5862eea4c4' before making global git config changes
e2e	Post Run actions/checkout@v4	2025-09-13T03:32:43.0877386Z Adding repository directory to the temporary git global config as a safe directory
e2e	Post Run actions/checkout@v4	2025-09-13T03:32:43.0881997Z [command]/usr/bin/git config --global --add safe.directory /home/runner/work/LoquiLex/LoquiLex
e2e	Post Run actions/checkout@v4	2025-09-13T03:32:43.0917284Z [command]/usr/bin/git config --local --name-only --get-regexp core\.sshCommand
e2e	Post Run actions/checkout@v4	2025-09-13T03:32:43.0949174Z [command]/usr/bin/git submodule foreach --recursive sh -c "git config --local --name-only --get-regexp 'core\.sshCommand' && git config --local --unset-all 'core.sshCommand' || :"
e2e	Post Run actions/checkout@v4	2025-09-13T03:32:43.1174503Z [command]/usr/bin/git config --local --name-only --get-regexp http\.https\:\/\/github\.com\/\.extraheader
e2e	Post Run actions/checkout@v4	2025-09-13T03:32:43.1195987Z http.https://github.com/.extraheader
e2e	Post Run actions/checkout@v4	2025-09-13T03:32:43.1208957Z [command]/usr/bin/git config --local --unset-all http.https://github.com/.extraheader
e2e	Post Run actions/checkout@v4	2025-09-13T03:32:43.1239918Z [command]/usr/bin/git submodule foreach --recursive sh -c "git config --local --name-only --get-regexp 'http\.https\:\/\/github\.com\/\.extraheader' && git config --local --unset-all 'http.https://github.com/.extraheader' || :"
e2e	Complete job	Ôªø2025-09-13T03:32:43.1559175Z Cleaning up orphan processes
